
There are no discarded input sections

Memory Configuration

Name             Origin             Length             Attributes
*default*        0x00000000         0xffffffff

Linker script and memory map


.memory         0x00000000      0x57c
                0x00000200                        . = 0x200
 *fill*         0x00000000      0x200 
 *(.init)
 *(.text)
 .text          0x00000200      0x320 /mnt/g/CodingSpace/VerificationSCR1/.cache/build/firmware.c.o
                0x00000200                read_int
                0x00000208                write_int
                0x00000210                mul_fp
                0x00000234                div_fp
                0x00000258                exp_fp
                0x000002d4                sqroot_fp
                0x00000340                Bartlett_fp
                0x000003e8                swap
                0x000003fc                partition
                0x000004c0                quickSort
 *(*)
 .data          0x00000520        0x0 /mnt/g/CodingSpace/VerificationSCR1/.cache/build/firmware.c.o
 .bss           0x00000520        0x0 /mnt/g/CodingSpace/VerificationSCR1/.cache/build/firmware.c.o
 .text.startup  0x00000520       0x24 /mnt/g/CodingSpace/VerificationSCR1/.cache/build/firmware.c.o
                0x00000520                main
 .comment       0x00000544       0x19 /mnt/g/CodingSpace/VerificationSCR1/.cache/build/firmware.c.o
                                 0x1a (size before relaxing)
 .note.GNU-stack
                0x0000055d        0x0 /mnt/g/CodingSpace/VerificationSCR1/.cache/build/firmware.c.o
 .riscv.attributes
                0x0000055d       0x1c /mnt/g/CodingSpace/VerificationSCR1/.cache/build/firmware.c.o
                0x0000057c                        . = ALIGN (0x4)
 *fill*         0x00000579        0x3 
                0x0000057c                        end = .
LOAD /mnt/g/CodingSpace/VerificationSCR1/.cache/build/firmware.c.o
OUTPUT(/mnt/g/CodingSpace/VerificationSCR1/.cache/build/firmware.elf elf32-littleriscv)
